Script started on Thu 11 Apr 2019 10:04:34 AM PDT
ballarj3@CF165-16:~$ ~/csci241
bash: /home/ballarj3/csci241: No such file or directory
ballarj3@CF165-16:~$ mkdir ![K~/csci241
ballarj3@CF165-16:~$ cd csci241
ballarj3@CF165-16:~/csci241$ ls
ballarj3@CF165-16:~/csci241$ git clone https"[K://github.com/CSCI241Spring2019/lab- 1-JeremyBallard
Cloning into 'lab-1-JeremyBallard'...
remote: Enumerating objects: 8, done.[K
remote: Counting objects:  12% (1/8)   [Kremote: Counting objects:  25% (2/8)   [Kremote: Counting objects:  37% (3/8)   [Kremote: Counting objects:  50% (4/8)   [Kremote: Counting objects:  62% (5/8)   [Kremote: Counting objects:  75% (6/8)   [Kremote: Counting objects:  87% (7/8)   [Kremote: Counting objects: 100% (8/8)   [Kremote: Counting objects: 100% (8/8), done.[K
remote: Compressing objects:  25% (1/4)   [Kremote: Compressing objects:  50% (2/4)   [Kremote: Compressing objects:  75% (3/4)   [Kremote: Compressing objects: 100% (4/4)   [Kremote: Compressing objects: 100% (4/4), done.[K
remote: Total 8 (delta 0), reused 8 (delta 0), pack-reused 0[K
Unpacking objects:  12% (1/8)   Unpacking objects:  25% (2/8)   Unpacking objects:  37% (3/8)   Unpacking objects:  50% (4/8)   Unpacking objects:  62% (5/8)   Unpacking objects:  75% (6/8)   Unpacking objects:  87% (7/8)   Unpacking objects: 100% (8/8)   Unpacking objects: 100% (8/8), done.
Checking connectivity... done.
ballarj3@CF165-16:~/csci241$ git config -- [Klg[Kg[K[Kglobal JeremyBallardd [K[K "Jeremy Ballard"[K"
error: key does not contain a section: JeremyBallard
ballarj3@CF165-16:~/csci241$ git [K[K[K[Kgit config -- global user.name "Jeremy Ballard"
fatal: not in a git directory
ballarj3@CF165-16:~/csci241$ git init
Initialized empty Git repository in /home/ballarj3/csci241/.git/
ballarj3@CF165-16:~/csci241$ git config -- [K[K[K[K[K[K[K[K[K[K[K[K[K[Kgit config --global user.name "Jeremy Ballard"
ballarj3@CF165-16:~/csci241$ git config -- [Kglobal user.emauk[K[Kil ballardj[K[Kj3@wwu.edu
ballarj3@CF165-16:~/csci241$ touch writeup.txt
ballarj3@CF165-16:~/csci241$ git al[Kdd writeup.txt
ballarj3@CF165-16:~/csci241$ git commit -m "Added empty writeupo[K"
[master (root-commit) 103c924] Added empty writeup
 1 file changed, 0 insertions(+), 0 deletions(-)
 create mode 100644 writeup.txt
ballarj3@CF165-16:~/csci241$ git push[K[K[K[K[K[K[K[Kcs [K[Kd lab-1-Jeremyb[KBallard
ballarj3@CF165-16:~/csci241/lab-1-JeremyBallard$ git comui[K[Kmit - m[K[Km "Added empty text [A[C[C[C[C[C[C[C[C[C[C[C[C[C[C[C[C[C[C[C[C[C[C[C[C[C[C[C[C[C[C[C[C[C[C[C[C[C[C[C[C[C[C[C[C[C[C[C[C[C[C[C[C[C[C[C[C[C[C[C[C[C[C[C[C[C[C[C[C[C[C[C[C[C[C[C[C[C[C[C[K
[K[A[C[C[C[C[C[C[C[C[C[C[C[C[C[C[C[C[C[C[C[C[C[C[C[C[C[C[C[C[C[C[C[C[C[C[C[C[C[C[C[C[C[C[C[C[C[C[C[C[C[C[C[C[C[C[C[C[C[C[C[C[C[C[C[C[C[C[C[C[C[C[C[C[C[C[C[C[C[C[C[K[K[K[K writ eup"
On branch master
Your branch is up-to-date with 'origin/master'.
Untracked files:
	[31mwriteup.txt[m

nothing added to commit but untracked files present
ballarj3@CF165-16:~/csci241/lab-1-JeremyBallard$ git push oriig[K[Kgin master
Username for 'https://github.com': jeremyballard             JeremyBallard
Password for 'https://JeremyBallard@github.com': 
remote: Invalid username or password.
fatal: Authentication failed for 'https://github.com/CSCI241Spring2019/lab-1-JeremyBallard/'
ballarj3@CF165-16:~/csci241/lab-1-JeremyBallard$ git push origin master
Username for 'https://github.com': JeremyBallard
Password for 'https://JeremyBallard@github.com': 
Everything up-to-date
ballarj3@CF165-16:~/csci241/lab-1-JeremyBallard$ git add writeup.txt
ballarj3@CF165-16:~/csci241/lab-1-JeremyBallard$ git commit -m "Added write [Kup[K[K[K[K[K[K[Kempty writ eup.com[K[K[K[K"
[master 0c1c5ed] Added empty writeup
 1 file changed, 0 insertions(+), 0 deletions(-)
 create mode 100644 writeup.txt
ballarj3@CF165-16:~/csci241/lab-1-JeremyBallard$ git push oi[Krigin master
Username for 'https://github.com': je  JeremyBallard
Password for 'https://JeremyBallard@github.com': 
remote: Invalid username or password.
fatal: Authentication failed for 'https://github.com/CSCI241Spring2019/lab-1-JeremyBallard/'
ballarj3@CF165-16:~/csci241/lab-1-JeremyBallard$ git push origin master
Username for 'https://github.com': JeremyBallard
Password for 'https://JeremyBallard@github.com': 
Counting objects: 3, done.
Delta compression using up to 8 threads.
Compressing objects:  50% (1/2)   Compressing objects: 100% (2/2)   Compressing objects: 100% (2/2), done.
Writing objects:  33% (1/3)   Writing objects:  66% (2/3)   Writing objects: 100% (3/3)   Writing objects: 100% (3/3), 319 bytes | 0 bytes/s, done.
Total 3 (delta 0), reused 0 (delta 0)
To https://github.com/CSCI241Spring2019/lab-1-JeremyBallard
   1523c09..0c1c5ed  master -> master
ballarj3@CF165-16:~/csci241/lab-1-JeremyBallard$ giot [K[K[K[K[Kbi [K[K[Kvi writeup.txt
[?1049h[?1h=[2;1H▽[6n[2;1H  [1;1H]11;?[1;24r[?12;25h[?12l[?25h[27m[23m[m[H[2J[?25l[24;1H"writeup.txt" 0L, 0C[>c[2;1H[94m~                                                                               [3;1H~                                                                               [4;1H~                                                                               [5;1H~                                                                               [6;1H~                                                                               [7;1H~                                                                               [8;1H~                                                                               [9;1H~                                                                               [10;1H~                                                                               [11;1H~                                                                               [12;1H~                                                                               [13;1H~                                                                               [14;1H~                                                                               [15;1H~                                                                               [16;1H~                                                                               [17;1H~                                                                               [18;1H~                                                                               [19;1H~                                                                               [20;1H~                                                                               [21;1H~                                                                               [22;1H~                                                                               [23;1H~                                                                               [m[24;63H0,0-1[9CAll]2;writeup.txt (~/csci241/lab-1-JeremyBallard) - VIM]1;writeup.txt[1;1H[?12l[?25h[27m[23m[m[H[2J[?25l[2;1H[94m~                                                                               [3;1H~                                                                               [4;1H~                                                                               [5;1H~                                                                               [6;1H~                                                                               [7;1H~                                                                               [8;1H~                                                                               [9;1H~                                                                               [10;1H~                                                                               [11;1H~                                                                               [12;1H~                                                                               [13;1H~                                                                               [14;1H~                                                                               [15;1H~                                                                               [16;1H~                                                                               [17;1H~                                                                               [18;1H~                                                                               [19;1H~                                                                               [20;1H~                                                                               [21;1H~                                                                               [22;1H~                                                                               [23;1H~                                                                               [m[24;63H0,0-1[9CAll"writeup.txt" 0L, 0C[1;1HP+q436f\P+q6b75\P+q6b64\P+q6b72\P+q6b6c\P+q2332\P+q2334\P+q2569\P+q2a37\P+q6b31\[?12l[?25h[?25l[24;1H[K[24;1H:[?12l[?25h [?25l[61C0,0-1[9CAll[1;1H[?12l[?25h[?25l[24;63H[K[24;1H:[?12l[?25hi[?25l[?12l[?25h[?25l[24;1H[K[24;1H[?12l[?25h;[?25l[?12l[?25hp[?25l[?12l[?25h
[?25l[?12l[?25h[1;1H[L[?25l[1;1H;p[24;1H[K[24;63H1,1[11CAll]2;writeup.txt + (~/csci241/lab-1-JeremyBallard) - VIM]1;writeup.txt[1;1H[?12l[?25h[?25l[24;65H2[1;2H[?12l[?25h[?25l[24;65H1[1;1H[?12l[?25h[?25l[24;65H2[1;2H[?12l[?25h[?25l[24;1H[1m-- INSERT --[m[24;63H[K[24;63H1,2[11CAll[1;2H[?12l[?25h[?25l[24;65H3[1;3H[?12l[?25h[?25l[1;2H[K[24;65H2[1;2H[?12l[?25h[?25l[1;1H[K[24;65H1[1;1H[?12l[?25h[?25lJ[24;65H2[1;2H[?12l[?25h[?25le[24;65H3[1;3H[?12l[?25h[?25le[24;65H4[1;4H[?12l[?25h[?25l[1;3H[K[24;65H3[1;3H[?12l[?25h[?25lr[24;65H4[1;4H[?12l[?25h[?25le[24;65H5[1;5H[?12l[?25h[?25lm[24;65H6[1;6H[?12l[?25h[?25ly[24;65H7[1;7H[?12l[?25h[?25l[24;65H8[1;8H[?12l[?25h[?25lB[24;65H9[1;9H[?12l[?25h[?25la[24;65H10[1;10H[?12l[?25h[?25ll[24;66H1[1;11H[?12l[?25h[?25ll[24;66H2[1;12H[?12l[?25h[?25la[24;66H3[1;13H[?12l[?25h[?25lr[24;66H4[1;14H[?12l[?25h[?25ld[24;66H5[1;15H[?12l[?25h[24;1H[K[1;14H[?25l[24;63H1,14[10CAll[1;14H[?12l[?25h[?25l[24;63H[K[24;1H:[?12l[?25hw[?25l[?12l[?25hq[?25l[?12l[?25h[?25l"writeup.txt" 1L, 15C written]2;Terminal]1;Terminal
[?1l>[?12l[?25h[?1049lballarj3@CF165-16:~/csci241/lab-1-JeremyBallard$ git add writeup.xt[K[Ktxt
ballarj3@CF165-16:~/csci241/lab-1-JeremyBallard$ git commit -m write[K[K[K[K[K"Edited writeup.t xt"[K[K[K[A[C[C[C[C[C[C[C[C[C[C[C[C[C[C[C[C[C[C[C[C[C[C[C[C[C[C[C[C[C[C[C[C[C[C[C[C[C[C[C[C[C[C[C[C[C[C[C[C[C[C[C[C[C[C[C[C[C[C[C[C[C[C[C[C[C[C[C[C[C[C[C[C[C[C[C[C[C[C[C[K
[K[A[C[C[C[C[C[C[C[C[C[C[C[C[C[C[C[C[C[C[C[C[C[C[C[C[C[C[C[C[C[C[C[C[C[C[C[C[C[C[C[C[C[C[C[C[C[C[C[C[C[C[C[C[C[C[C[C[C[C[C[C[C[C[C[C[C[C[C[C[C[C[C[C[C[C[C[C[C[C[C[K[K[K[K[K[K[K[K[K[K[K[K[K[K[KAdded part 1 nam es to writeup"
[master b8e0c60] Added part 1 names to writeup
 1 file changed, 1 insertion(+)
ballarj3@CF165-16:~/csci241/lab-1-JeremyBallard$ git status
On branch master
Your branch is ahead of 'origin/master' by 1 commit.
  (use "git push" to publish your local commits)
nothing to commit, working directory clean
ballarj3@CF165-16:~/csci241/lab-1-JeremyBallard$ vi[K[Kgit writeup.txt[K[K[K[K[K[K[K[K[K[K[K[K[K[K[Kvi writeup.txt
[?1049h[?1h=[2;1H▽[6n[2;1H  [1;1H]11;?[1;24r[?12;25h[?12l[?25h[27m[23m[m[H[2J[?25l[24;1H"writeup.txt" 1L, 15C[>c[1;1HJeremy Ballard
[94m~                                                                               [3;1H~                                                                               [4;1H~                                                                               [5;1H~                                                                               [6;1H~                                                                               [7;1H~                                                                               [8;1H~                                                                               [9;1H~                                                                               [10;1H~                                                                               [11;1H~                                                                               [12;1H~                                                                               [13;1H~                                                                               [14;1H~                                                                               [15;1H~                                                                               [16;1H~                                                                               [17;1H~                                                                               [18;1H~                                                                               [19;1H~                                                                               [20;1H~                                                                               [21;1H~                                                                               [22;1H~                                                                               [23;1H~                                                                               [m[24;63H1,1[11CAll]2;writeup.txt (~/csci241/lab-1-JeremyBallard) - VIM]1;writeup.txt[1;1H[?12l[?25h[27m[23m[m[H[2J[?25l[1;1HJeremy Ballard
[94m~                                                                               [3;1H~                                                                               [4;1H~                                                                               [5;1H~                                                                               [6;1H~                                                                               [7;1H~                                                                               [8;1H~                                                                               [9;1H~                                                                               [10;1H~                                                                               [11;1H~                                                                               [12;1H~                                                                               [13;1H~                                                                               [14;1H~                                                                               [15;1H~                                                                               [16;1H~                                                                               [17;1H~                                                                               [18;1H~                                                                               [19;1H~                                                                               [20;1H~                                                                               [21;1H~                                                                               [22;1H~                                                                               [23;1H~                                                                               [m[24;63H1,1[11CAll"writeup.txt" 1L, 15C[1;1HP+q436f\P+q6b75\P+q6b64\P+q6b72\P+q6b6c\P+q2332\P+q2334\P+q2569\P+q2a37\P+q6b31\[?12l[?25h[?25l[24;1H[1m-- INSERT --[m[24;13H[K[24;63H1,1[11CAll[1;1H[?12l[?25h[?25l[24;65H2[1;2H[?12l[?25h[?25l[24;65H1[1;1H[?12l[?25h[?25l Jeremy Ballard[24;65H2]2;writeup.txt + (~/csci241/lab-1-JeremyBallard) - VIM]1;writeup.txt[1;2H[?12l[?25h[?25l[24;65H1[1;1H[?12l[?25h[?25l1 Jeremy Ballard[24;65H2[1;2H[?12l[?25h[?25l1 Jeremy Ballard[24;65H3[1;3H[?12l[?25h[?25l Jeremy Ballard[1;17H[K[24;65H2[1;2H[?12l[?25h[?25l) Jeremy Ballard[24;65H3[1;3H[?12l[?25h[?25l[24;65H4[1;4H[?12l[?25h[?25l[24;65H5[1;5H[?12l[?25h[?25l[24;65H6[1;6H[?12l[?25h[?25l[24;65H7[1;7H[?12l[?25h[?25l[24;65H8[1;8H[?12l[?25h[?25l[24;65H9[1;9H[?12l[?25h[?25l[24;65H10[1;10H[?12l[?25h[?25l[24;66H1[1;11H[?12l[?25h[?25l[24;66H2[1;12H[?12l[?25h[?25l[24;66H3[1;13H[?12l[?25h[?25l[24;66H4[1;14H[?12l[?25h[?25l[24;66H5[1;15H[?12l[?25h[?25l[24;66H6[1;16H[?12l[?25h[?25l[24;66H7[1;17H[?12l[?25h[?25l[24;66H8[1;18H[?12l[?25h[?25l[2;1H[K[24;63H2,1 [2;1H[?12l[?25h[?25l2[24;65H2[2;2H[?12l[?25h[?25l)[24;65H3[2;3H[?12l[?25h[?25lH[24;65H4[2;4H[?12l[?25h[?25lO[24;65H5[2;5H[?12l[?25h[?25lb[24;65H6[2;6H[?12l[?25h[?25lb[24;65H7[2;7H[?12l[?25h[?25ly[24;65H8[2;8H[?12l[?25h[?25l[2;7H[K[24;65H7[2;7H[?12l[?25h[?25l[2;6H[K[24;65H6[2;6H[?12l[?25h[?25l[2;5H[K[24;65H5[2;5H[?12l[?25h[?25l[2;4H[K[24;65H4[2;4H[?12l[?25h[?25lo[24;65H5[2;5H[?12l[?25h[?25lb[24;65H6[2;6H[?12l[?25h[?25lb[24;65H7[2;7H[?12l[?25h[?25ly[24;65H8[2;8H[?12l[?25h[?25l:[24;65H9[2;9H[?12l[?25h[?25l[24;65H10[2;10H[?12l[?25h[?25lP[24;66H1[2;11H[?12l[?25h[?25ll[24;66H2[2;12H[?12l[?25h[?25la[24;66H3[2;13H[?12l[?25h[?25ly[24;66H4[2;14H[?12l[?25h[?25li[24;66H5[2;15H[?12l[?25h[?25ln[24;66H6[2;16H[?12l[?25h[?25lg[24;66H7[2;17H[?12l[?25h[?25l[24;66H8[2;18H[?12l[?25h[?25lg[24;66H9[2;19H[?12l[?25h[?25la[24;65H20[2;20H[?12l[?25h[?25lm[24;66H1[2;21H[?12l[?25h[?25le[24;66H2[2;22H[?12l[?25h[?25ls[24;66H3[2;23H[?12l[?25h[24;1H[K[2;22H[?25l[24;63H2,22[10CAll[2;22H[?12l[?25h[?25l[24;63H[K[24;1H:[?12l[?25hw[?25l[?12l[?25hq[?25l[?12l[?25h[?25l"writeup.txt" 2L, 41C written]2;Terminal]1;Terminal
[?1l>[?12l[?25h[?1049lballarj3@CF165-16:~/csci241/lab-1-JeremyBallard$ git status
On branch master
Your branch is ahead of 'origin/master' by 1 commit.
  (use "git push" to publish your local commits)
Changes not staged for commit:
  (use "git add <file>..." to update what will be committed)
  (use "git checkout -- <file>..." to discard changes in working directory)

	[31mmodified:   writeup.txt[m

no changes added to commit (use "git add" and/or "git commit -a")
ballarj3@CF165-16:~/csci241/lab-1-JeremyBallard$ git c[Kadd[K[K[Kadd[K[K[Kcommit -a[K[K[K[K[K[K[K[K[Kadd [K wi[Kriteup.txt
ballarj3@CF165-16:~/csci241/lab-1-JeremyBallard$ git commimt[K -[K[K[Kt- [K[K - m[K[Km "[K[K[K[K[K[K[K[K[K[K[K[K[K[K[Ktouch username.txt
ballarj3@CF165-16:~/csci241/lab-1-JeremyBallard$ vi username.txt
[?1049h[?1h=[2;1H▽[6n[2;1H  [1;1H]11;?[1;24r[?12;25h[?12l[?25h[27m[23m[m[H[2J[?25l[24;1H"username.txt" 0L, 0C[>c[2;1H[94m~                                                                               [3;1H~                                                                               [4;1H~                                                                               [5;1H~                                                                               [6;1H~                                                                               [7;1H~                                                                               [8;1H~                                                                               [9;1H~                                                                               [10;1H~                                                                               [11;1H~                                                                               [12;1H~                                                                               [13;1H~                                                                               [14;1H~                                                                               [15;1H~                                                                               [16;1H~                                                                               [17;1H~                                                                               [18;1H~                                                                               [19;1H~                                                                               [20;1H~                                                                               [21;1H~                                                                               [22;1H~                                                                               [23;1H~                                                                               [m[24;63H0,0-1[9CAll]2;username.txt (~/csci241/lab-1-JeremyBallard) - VIM]1;username.txt[1;1H[?12l[?25h[27m[23m[m[H[2J[?25l[2;1H[94m~                                                                               [3;1H~                                                                               [4;1H~                                                                               [5;1H~                                                                               [6;1H~                                                                               [7;1H~                                                                               [8;1H~                                                                               [9;1H~                                                                               [10;1H~                                                                               [11;1H~                                                                               [12;1H~                                                                               [13;1H~                                                                               [14;1H~                                                                               [15;1H~                                                                               [16;1H~                                                                               [17;1H~                                                                               [18;1H~                                                                               [19;1H~                                                                               [20;1H~                                                                               [21;1H~                                                                               [22;1H~                                                                               [23;1H~                                                                               [m[24;63H0,0-1[9CAll"username.txt" 0L, 0C[1;1HP+q436f\P+q6b75\P+q6b64\P+q6b72\P+q6b6c\P+q2332\P+q2334\P+q2569\P+q2a37\P+q6b31\[?12l[?25h[?25l[24;1H[1m-- INSERT --[m[24;13H[K[24;63H0,1[11CAll[1;1H[?12l[?25h[?25lJ[24;63H1,2]2;username.txt + (~/csci241/lab-1-JeremyBallard) - VIM]1;username.txt[1;2H[?12l[?25h[?25le[24;65H3[1;3H[?12l[?25h[?25lr[24;65H4[1;4H[?12l[?25h[?25le[24;65H5[1;5H[?12l[?25h[?25lm[24;65H6[1;6H[?12l[?25h[?25ly[24;65H7[1;7H[?12l[?25h[?25l[24;65H8[1;8H[?12l[?25h[?25lB[24;65H9[1;9H[?12l[?25h[?25l[1;8H[K[24;65H8[1;8H[?12l[?25h[?25l[24;65H7[1;7H[?12l[?25h[?25l[24;65H8[1;8H[?12l[?25h[?25lB[24;65H9[1;9H[?12l[?25h[?25la[24;65H10[1;10H[?12l[?25h[?25ll[24;66H1[1;11H[?12l[?25h[?25ll[24;66H2[1;12H[?12l[?25h[?25la[24;66H3[1;13H[?12l[?25h[?25lr[24;66H4[1;14H[?12l[?25h[?25ld[24;66H5[1;15H[?12l[?25h[?25l,[24;66H6[1;16H[?12l[?25h[?25lb[24;66H7[1;17H[?12l[?25h[?25la[24;66H8[1;18H[?12l[?25h[?25ll[24;66H9[1;19H[?12l[?25h[?25ll[24;65H20[1;20H[?12l[?25h[?25la[24;66H1[1;21H[?12l[?25h[?25lr[24;66H2[1;22H[?12l[?25h[?25lj[24;66H3[1;23H[?12l[?25h[?25l3[24;66H4[1;24H[?12l[?25h[?25l,[24;66H5[1;25H[?12l[?25h[?25lJ[24;66H6[1;26H[?12l[?25h[?25le[24;66H7[1;27H[?12l[?25h[?25lr[24;66H8[1;28H[?12l[?25h[?25le[24;66H9[1;29H[?12l[?25h[?25lm[24;65H30[1;30H[?12l[?25h[?25ly[24;66H1[1;31H[?12l[?25h[?25lB[24;66H2[1;32H[?12l[?25h[?25la[24;66H3[1;33H[?12l[?25h[?25ll[24;66H4[1;34H[?12l[?25h[?25ll[24;66H5[1;35H[?12l[?25h[?25la[24;66H6[1;36H[?12l[?25h[?25lr[24;66H7[1;37H[?12l[?25h[?25ld[24;66H8[1;38H[?12l[?25h[24;1H[K[1;37H[?25l[24;63H1,37[10CAll[1;37H[?12l[?25h[?25l[24;63H[K[24;1H:[?12l[?25hw[?25l[?12l[?25hq[?25l[?12l[?25h[?25l"username.txt" 1L, 38C written]2;Terminal]1;Terminal
[?1l>[?12l[?25h[?1049lballarj3@CF165-16:~/csci241/lab-1-JeremyBallard$ git add username.txt
ballarj3@CF165-16:~/csci241/lab-1-JeremyBallard$ git commit -m "Added [K[K[K[K[K[K[K[K[K[K[K[K[K[K[K[K[K[K[K[K[Kgit push
warning: push.default is unset; its implicit value has changed in
Git 2.0 from 'matching' to 'simple'. To squelch this message
and maintain the traditional behavior, use:

  git config --global push.default matching

To squelch this message and adopt the new behavior now, use:

  git config --global push.default simple

When push.default is set to 'matching', git will push local branches
to the remote branches that already exist with the same name.

Since Git 2.0, Git defaults to the more conservative 'simple'
behavior, which only pushes the current branch to the corresponding
remote branch that 'git pull' uses to update the current branch.

See 'git help config' and search for 'push.default' for further information.
(the 'simple' mode was introduced in Git 1.7.11. Use the similar mode
'current' instead of 'simple' if you sometimes use older versions of Git)

Username for 'https://github.com': JeremyBallard
Password for 'https://JeremyBallard@github.com': 
Counting objects: 3, done.
Delta compression using up to 8 threads.
Compressing objects:  50% (1/2)   Compressing objects: 100% (2/2)   Compressing objects: 100% (2/2), done.
Writing objects:  33% (1/3)   Writing objects:  66% (2/3)   Writing objects: 100% (3/3)   Writing objects: 100% (3/3), 281 bytes | 0 bytes/s, done.
Total 3 (delta 1), reused 0 (delta 0)
remote: Resolving deltas:   0% (0/1)   [Kremote: Resolving deltas: 100% (1/1)   [Kremote: Resolving deltas: 100% (1/1), completed with 1 local object.[K
git     To https://github.com/CSCI241Spring2019/lab-1-JeremyBallard
   0c1c5ed..b8e0c60  master -> master
ballarj3@CF165-16:~/csci241/lab-1-JeremyBallard$ git commit -m "Added Hobby i [Kn w riteup and created username,.[K.[K[K.txt"
[master 401f9ea] Added Hobby in writeup and created username.txt
 2 files changed, 3 insertions(+), 1 deletion(-)
 create mode 100644 username.txt
ballarj3@CF165-16:~/csci241/lab-1-JeremyBallard$ git add [K[K[K[Kpush
warning: push.default is unset; its implicit value has changed in
Git 2.0 from 'matching' to 'simple'. To squelch this message
and maintain the traditional behavior, use:

  git config --global push.default matching

To squelch this message and adopt the new behavior now, use:

  git config --global push.default simple

When push.default is set to 'matching', git will push local branches
to the remote branches that already exist with the same name.

Since Git 2.0, Git defaults to the more conservative 'simple'
behavior, which only pushes the current branch to the corresponding
remote branch that 'git pull' uses to update the current branch.

See 'git help config' and search for 'push.default' for further information.
(the 'simple' mode was introduced in Git 1.7.11. Use the similar mode
'current' instead of 'simple' if you sometimes use older versions of Git)

Username for 'https://github.com': Jeremy Ballard
Password for 'https://Jeremy Ballard@github.com': 
remote: Invalid username or password.
fatal: Authentication failed for 'https://github.com/CSCI241Spring2019/lab-1-JeremyBallard/'
ballarj3@CF165-16:~/csci241/lab-1-JeremyBallard$ git push
warning: push.default is unset; its implicit value has changed in
Git 2.0 from 'matching' to 'simple'. To squelch this message
and maintain the traditional behavior, use:

  git config --global push.default matching

To squelch this message and adopt the new behavior now, use:

  git config --global push.default simple

When push.default is set to 'matching', git will push local branches
to the remote branches that already exist with the same name.

Since Git 2.0, Git defaults to the more conservative 'simple'
behavior, which only pushes the current branch to the corresponding
remote branch that 'git pull' uses to update the current branch.

See 'git help config' and search for 'push.default' for further information.
(the 'simple' mode was introduced in Git 1.7.11. Use the similar mode
'current' instead of 'simple' if you sometimes use older versions of Git)

Username for 'https://github.com': Jeremy B  Ballard
Password for 'https://JeremyBallard@github.com': 
Counting objects: 4, done.
Delta compression using up to 8 threads.
Compressing objects:  50% (1/2)   Compressing objects: 100% (2/2)   Compressing objects: 100% (2/2), done.
Writing objects:  25% (1/4)   Writing objects:  50% (2/4)   Writing objects:  75% (3/4)   Writing objects: 100% (4/4)   Writing objects: 100% (4/4), 450 bytes | 0 bytes/s, done.
Total 4 (delta 0), reused 0 (delta 0)
To https://github.com/CSCI241Spring2019/lab-1-JeremyBallard
   b8e0c60..401f9ea  master -> master
ballarj3@CF165-16:~/csci241/lab-1-JeremyBallard$ git checkouit[K[Kt
Your branch is up-to-date with 'origin/master'.
ballarj3@CF165-16:~/csci241/lab-1-JeremyBallard$ git reset
ballarj3@CF165-16:~/csci241/lab-1-JeremyBallard$ git [K[K[K[Kgit rm
usage: git rm [<options>] [--] <file>...

    -n, --dry-run         dry run
    -q, --quiet           do not list removed files
    --cached              only remove from the index
    -f, --force           override the up-to-date check
    -r                    allow recursive removal
    --ignore-unmatch      exit with a zero status even if nothing matched

ballarj3@CF165-16:~/csci241/lab-1-JeremyBallard$ git mv writeup.txt ~/csci241
fatal: /home/ballarj3/csci241: '/home/ballarj3/csci241' is outside repository
ballarj3@CF165-16:~/csci241/lab-1-JeremyBallard$ c[Kgit mv writeup.txt ..
fatal: ..: '..' is outside repository
ballarj3@CF165-16:~/csci241/lab-1-JeremyBallard$ git blame writeup.txt
[?1h=401f9ea0 (Jeremy Ballard 2019-04-11 11:05:40 -0700 1) 1) Jeremy Ballard[m
401f9ea0 (Jeremy Ballard 2019-04-11 11:05:40 -0700 2) 2)Hobby: Playing games[m
[K[?1l>ballarj3@CF165-16:~/csci241/lab-1-JeremyBallard$ git log
[?1h=[33mcommit 401f9ea027258947b57da1df041ff35203a38c3b[m[m
Author: Jeremy Ballard <ballarj3@wwu.edu>[m
Date:   Thu Apr 11 11:05:40 2019 -0700[m
[m
    Added Hobby in writeup and created username.txt[m
[m
[33mcommit b8e0c60192bc44b58b5742bbeebc546e654c31d1[m[m
Author: Jeremy Ballard <ballarj3@wwu.edu>[m
Date:   Thu Apr 11 11:01:22 2019 -0700[m
[m
    Added part 1 names to writeup[m
[m
[33mcommit 0c1c5ed21d8b93482768637afa51354ab2294da2[m[m
Author: Jeremy Ballard <ballarj3@wwu.edu>[m
Date:   Thu Apr 11 10:36:38 2019 -0700[m
[m
    Added empty writeup[m
[m
[33mcommit 1523c09e41bb264a6f420fcd78d1a7d6e44a5340[m[m
Author: majeskn <majeskn@wwu.edu>[m
Date:   Mon Jan 7 20:49:19 2019 -0800[m
[m
    Adding setup for gradle[m
:[K[K[?1l>ballarj3@CF165-16:~/csci241/lab-1-JeremyBallard$ 
ballarj3@CF165-16:~/csci241/lab-1-JeremyBallard$ git diff
[?1h=[K[?1l>ballarj3@CF165-16:~/csci241/lab-1-JeremyBallard$ git fi[K[K[K[K[K[Kgit fi[K[Kdiff writeup.txt
[?1h=[K[?1l>ballarj3@CF165-16:~/csci241/lab-1-JeremyBallard$ git branch [K[K[K[K[K[K[Kcheckout -b question3
Switched to a new branch 'question3'
ballarj3@CF165-16:~/csci241/lab-1-JeremyBallard$ git [K[K[K[Kvi writu[Keup.txt
[?1049h[?1h=[2;1H▽[6n[2;1H  [1;1H]11;?[1;24r[?12;25h[?12l[?25h[27m[23m[m[H[2J[?25l[24;1H"writeup.txt" 2L, 41C[>c[1;1H1) Jeremy Ballard
2)Hobby: Playing games
[94m~                                                                               [4;1H~                                                                               [5;1H~                                                                               [6;1H~                                                                               [7;1H~                                                                               [8;1H~                                                                               [9;1H~                                                                               [10;1H~                                                                               [11;1H~                                                                               [12;1H~                                                                               [13;1H~                                                                               [14;1H~                                                                               [15;1H~                                                                               [16;1H~                                                                               [17;1H~                                                                               [18;1H~                                                                               [19;1H~                                                                               [20;1H~                                                                               [21;1H~                                                                               [22;1H~                                                                               [23;1H~                                                                               [m[24;63H1,1[11CAll]2;writeup.txt (~/csci241/lab-1-JeremyBallard) - VIM]1;writeup.txt[1;1H[?12l[?25h[27m[23m[m[H[2J[?25l[1;1H1) Jeremy Ballard
2)Hobby: Playing games
[94m~                                                                               [4;1H~                                                                               [5;1H~                                                                               [6;1H~                                                                               [7;1H~                                                                               [8;1H~                                                                               [9;1H~                                                                               [10;1H~                                                                               [11;1H~                                                                               [12;1H~                                                                               [13;1H~                                                                               [14;1H~                                                                               [15;1H~                                                                               [16;1H~                                                                               [17;1H~                                                                               [18;1H~                                                                               [19;1H~                                                                               [20;1H~                                                                               [21;1H~                                                                               [22;1H~                                                                               [23;1H~                                                                               [m[24;63H1,1[11CAll"writeup.txt" 2L, 41C[1;1HP+q436f\P+q6b75\P+q6b64\P+q6b72\P+q6b6c\P+q2332\P+q2334\P+q2569\P+q2a37\P+q6b31\[?12l[?25h[?25l[24;1H[1m-- INSERT --[m[24;13H[K[24;63H1,1[11CAll[1;1H[?12l[?25h[?25l[24;65H2[1;2H[?12l[?25h[?25l[24;63H2[2;2H[?12l[?25h[?25l[24;65H3[2;3H[?12l[?25h[?25l[24;65H4[2;4H[?12l[?25h[?25l[24;65H5[2;5H[?12l[?25h[?25l[24;65H6[2;6H[?12l[?25h[?25l[24;65H7[2;7H[?12l[?25h[?25l[24;65H8[2;8H[?12l[?25h[?25l[24;65H9[2;9H[?12l[?25h[?25l[24;65H10[2;10H[?12l[?25h[?25l[24;66H1[2;11H[?12l[?25h[?25l[24;66H2[2;12H[?12l[?25h[?25l[24;66H3[2;13H[?12l[?25h[?25l[24;66H4[2;14H[?12l[?25h[?25l[24;66H5[2;15H[?12l[?25h[?25l[24;66H6[2;16H[?12l[?25h[?25l[24;66H7[2;17H[?12l[?25h[?25l[24;66H8[2;18H[?12l[?25h[?25l[24;66H9[2;19H[?12l[?25h[?25l[24;65H20[2;20H[?12l[?25h[?25l[24;66H1[2;21H[?12l[?25h[?25l[24;66H2[2;22H[?12l[?25h[?25l[24;66H3[2;23H[?12l[?25h[?25l[3;1H[K[24;63H3,1 ]2;writeup.txt + (~/csci241/lab-1-JeremyBallard) - VIM]1;writeup.txt[3;1H[?12l[?25h[?25l3[24;65H2[3;2H[?12l[?25h[?25l)[24;65H3[3;3H[?12l[?25h[?25l[24;65H4[3;4H[?12l[?25h[?25lF[24;65H5[3;5H[?12l[?25h[?25la[24;65H6[3;6H[?12l[?25h[?25lv[24;65H7[3;7H[?12l[?25h[?25lo[24;65H8[3;8H[?12l[?25h[?25lr[24;65H9[3;9H[?12l[?25h[?25lti[24;65H11[3;11H[?12l[?25h[?25l[3;10H[K[24;66H0[3;10H[?12l[?25h[?25l[3;9H[K[24;65H9 [3;9H[?12l[?25h[?25li[24;65H10[3;10H[?12l[?25h[?25lt[24;66H1[3;11H[?12l[?25h[?25le[24;66H2[3;12H[?12l[?25h[?25l[24;66H3[3;13H[?12l[?25h[?25lS[24;66H4[3;14H[?12l[?25h[?25lo[24;66H5[3;15H[?12l[?25h[?25ln[24;66H6[3;16H[?12l[?25h[?25lg[24;66H7[3;17H[?12l[?25h[?25l:[24;66H8[3;18H[?12l[?25h[?25l[24;66H9[3;19H[?12l[?25h[?25lA[24;65H20[3;20H[?12l[?25h[?25ll[24;66H1[3;21H[?12l[?25h[?25ll[24;66H2[3;22H[?12l[?25h[?25l[24;66H3[3;23H[?12l[?25h[?25lS[24;66H4[3;24H[?12l[?25h[?25lt[24;66H5[3;25H[?12l[?25h[?25la[24;66H6[3;26H[?12l[?25h[?25lr[24;66H7[3;27H[?12l[?25h[?25l[24;66H8[3;28H[?12l[?25h[?25lb[24;66H9[3;29H[?12l[?25h[?25ly[24;65H30[3;30H[?12l[?25h[?25l[24;66H1[3;31H[?12l[?25h[?25lS[24;66H2[3;32H[?12l[?25h[?25lm[24;66H3[3;33H[?12l[?25h[?25la[24;66H4[3;34H[?12l[?25h[?25ls[24;66H5[3;35H[?12l[?25h[?25lh[24;66H6[3;36H[?12l[?25h[?25lM[24;66H7[3;37H[?12l[?25h[?25lo[24;66H8[3;38H[?12l[?25h[?25lu[24;66H9[3;39H[?12l[?25h[?25lt[24;65H40[3;40H[?12l[?25h[?25lh[24;66H1[3;41H[?12l[?25h[24;1H[K[3;40H[?25l[24;63H3,40[10CAll[3;40H[?12l[?25h[?25l[24;63H[K[24;1H:[?12l[?25hw[?25l[?12l[?25hq[?25l[?12l[?25h[?25l"writeup.txt" 3L, 82C written]2;Terminal]1;Terminal
[?1l>[?12l[?25h[?1049lballarj3@CF165-16:~/csci241/lab-1-JeremyBallard$ git add writeup.txt
ballarj3@CF165-16:~/csci241/lab-1-JeremyBallard$ git commit -m "Edited writeup.t xt with song"
[question3 7e18be8] Edited writeup.txt with song
 1 file changed, 1 insertion(+)
ballarj3@CF165-16:~/csci241/lab-1-JeremyBallard$ git pis[K[Kush
warning: push.default is unset; its implicit value has changed in
Git 2.0 from 'matching' to 'simple'. To squelch this message
and maintain the traditional behavior, use:

  git config --global push.default matching

To squelch this message and adopt the new behavior now, use:

  git config --global push.default simple

When push.default is set to 'matching', git will push local branches
to the remote branches that already exist with the same name.

Since Git 2.0, Git defaults to the more conservative 'simple'
behavior, which only pushes the current branch to the corresponding
remote branch that 'git pull' uses to update the current branch.

See 'git help config' and search for 'push.default' for further information.
(the 'simple' mode was introduced in Git 1.7.11. Use the similar mode
'current' instead of 'simple' if you sometimes use older versions of Git)

fatal: The current branch question3 has no upstream branch.
To push the current branch and set the remote as upstream, use

    git push --set-upstream origin question3

ballarj3@CF165-16:~/csci241/lab-1-JeremyBallard$ JeremyBallard
JeremyBallard: command not found
ballarj3@CF165-16:~/csci241/lab-1-JeremyBallard$ git [K[K[K[Kgit merge [K[K[K[K[K[K[K[K[K[Kgi [Kt checkout
ballarj3@CF165-16:~/csci241/lab-1-JeremyBallard$ git status
On branch question3
nothing to commit, working directory clean
ballarj3@CF165-16:~/csci241/lab-1-JeremyBallard$ git merge question3
Already up-to-date.
ballarj3@CF165-16:~/csci241/lab-1-JeremyBallard$ git [K[K[K[Kgit checkout master
Switched to branch 'master'
Your branch is up-to-date with 'origin/master'.
ballarj3@CF165-16:~/csci241/lab-1-JeremyBallard$ git merge question3
Updating 401f9ea..7e18be8
Fast-forward
 writeup.txt | 1 [32m+[m
 1 file changed, 1 insertion(+)
ballarj3@CF165-16:~/csci241/lab-1-JeremyBallard$ git checkout -d question3
error: unknown switch `d'
usage: git checkout [<options>] <branch>
   or: git checkout [<options>] [<branch>] -- <file>...

    -q, --quiet           suppress progress reporting
    -b <branch>           create and checkout a new branch
    -B <branch>           create/reset and checkout a branch
    -l                    create reflog for new branch
    --detach              detach the HEAD at named commit
    -t, --track           set upstream info for new branch
    --orphan <new-branch>
                          new unparented branch
    -2, --ours            checkout our version for unmerged files
    -3, --theirs          checkout their version for unmerged files
    -f, --force           force checkout (throw away local modifications)
    -m, --merge           perform a 3-way merge with the new branch
    --overwrite-ignore    update ignored files (default)
    --conflict <style>    conflict style (merge or diff3)
    -p, --patch           select hunks interactively
    --ignore-skip-worktree-bits
                          do not limit pathspecs to sparse entries only
    --ignore-other-worktrees
                          do not check if another worktree is holding the given ref
    --progress            force progress reporting

ballarj3@CF165-16:~/csci241/lab-1-JeremyBallard$ git branch -d question3
Deleted branch question3 (was 7e18be8).
ballarj3@CF165-16:~/csci241/lab-1-JeremyBallard$ cd ?[K[Ksr[K [K[K src/main/java/lab3[K1
ballarj3@CF165-16:~/csci241/lab-1-JeremyBallard/src/main/java/lab1$ gradle build [A[C[C[C[C[C[C[C[C[C[C[C[C[C[C[C[C[C[C[C[C[C[C[C[C[C[C[C[C[C[C[C[C[C[C[C[C[C[C[C[C[C[C[C[C[C[C[C[C[C[C[C[C[C[C[C[C[C[C[C[C[C[C[C[C[C[C[C[C[C[C[C[C[C[C[C[C[C[C[C[Kd
[0m
Welcome to Gradle 5.0!

Here are the highlights of this release:
 - Kotlin DSL 1.0
 - Task timeouts
 - Dependency alignment aka BOM support
 - Interactive `gradle init`

For more details see https://docs.gradle.org/5.0/release-notes.html

Starting a Gradle Daemon (subsequent builds will be faster)


[2A[1B[1m> Starting Daemon[m[17D[1B[1A[1m> Starting Daemon[m[17D[1B[1A[1m> Starting Daemon[m[17D[1B[1A[1m> Starting Daemon[m[17D[1B[1A[1m> Starting Daemon[m[17D[1B[1A[1m> Starting Daemon[m[17D[1B[1A[1m> Starting Daemon[m[17D[1B[1A[1m> Starting Daemon[m[17D[1B[1A[1m> Starting Daemon[m[17D[1B[1A[1m> Starting Daemon[m[17D[1B[1A> IDLE[0K[6D[1B[2A[1m<[0;32;1;0;39;1m-------------> 0% INITIALIZING [0s][m[36D[1B[1m> Evaluating settings[m[21D[1B[2A[1m<[0;32;1;0;39;1m-------------> 0% INITIALIZING [0s][m[36D[1B[1m> Evaluating settings[m[21D[1B[2A[1m<[0;32;1;0;39;1m-------------> 0% INITIALIZING [0s][m[36D[1B[1m> Evaluating settings[m[21D[1B[2A[1m<[0;32;1;0;39;1m-------------> 0% INITIALIZING [0s][m[36D[1B[1m> Evaluating settings[m[21D[1B[2A[1m<[0;32;1;0;39;1m-------------> 0% CONFIGURING [0s][m[0K[35D[1B[1m> Loading projects[m[0K[18D[1B[2A[1m<[0;32;1;0;39;1m-------------> 0% CONFIGURING [0s][m[35D[1B[1m> root project[m[0K[14D[1B[2A[1m<[0;32;1;0;39;1m-------------> 0% EXECUTING [0s][m[0K[33D[1B> IDLE[0K[6D[1B[2A[1m<[0;32;1;0;39;1m-------------> 0% EXECUTING [0s][m[33D[1B[1m> :buildEnvironment[m[19D[1B[2A[0K
[1m> Task :buildEnvironment[m

[1m------------------------------------------------------------[m
[1mRoot project[m
[1m------------------------------------------------------------[m

[32mclasspath[39m
[33mNo dependencies[39m

A web-based, searchable dependency report is available by adding the [1m--scan[m option.

[32;1mBUILD SUCCESSFUL[0;39m in 2s
1 actionable task: 1 executed
[0K
[0K
[2A[1m<[0;32;1;0;39;1m-------------> 0% WAITING[m[26D[1B> IDLE[6D[1B[2A[1m<[0;32;1;0;39;1m-------------> 0% WAITING[m[26D[2B[2A[2K[1B[2K[1A[0mballarj3@CF165-16:~/csci241/lab-1-JeremyBallard/src/main/java/lab1$ gradle un[K[Krun
[0m
[1A
[31mFAILURE: [39m[31mBuild failed with an exception.[39m

* What went wrong:
Task 'run' not found in root project 'lab1'.

* Try:
Run [1mgradle tasks[m to get a list of available tasks. Run with [1m--stacktrace[m option to get the stack trace. Run with [1m--info[m or [1m--debug[m option to get more log output. Run with [1m--scan[m to get full insights.

* Get more help at [1mhttps://help.gradle.org[m

[31;1mBUILD FAILED[0;39m in 0s

[1A[1m<[0;32;1;0;39;1m-------------> 0% WAITING[m[26D[1B[1A[2K[0mballarj3@CF165-16:~/csci241/lab-1-JeremyBallard/src/main/java/lab1$ cd ..
ballarj3@CF165-16:~/csci241/lab-1-JeremyBallard/src/main/java$ cd.[K ..
ballarj3@CF165-16:~/csci241/lab-1-JeremyBallard/src/main$ cd ..
ballarj3@CF165-16:~/csci241/lab-1-JeremyBallard/src$ cd ..
ballarj3@CF165-16:~/csci241/lab-1-JeremyBallard$ grade run[K[K[K[K[Kle run
[0m

[1A[1m> Connecting to Daemon[m[22D[1B[2A[1m<[0;32;1;0;39;1m-------------> 0% CONFIGURING [0s][m[35D[1B[1m> root project > Compiling /home/ballarj3/csci241/lab-1-JeremyBallard/build.gra[m[79D[1B[2A[1m<[0;32;1;0;39;1m-------------> 0% CONFIGURING [0s][m[35D[1B[1m> root project > Compiling /home/ballarj3/csci241/lab-1-JeremyBallard/build.gra[m[79D[1B[2A[1m<[0;32;1;0;39;1m-------------> 0% CONFIGURING [0s][m[35D[1B[1m> root project[m[0K[14D[1B[2A[1m<[0;32;1;0;39;1m-------------> 0% CONFIGURING [0s][m[35D[1B[1m> root project[m[14D[1B[2A[1m<[0;32;1;0;39;1m-------------> 0% CONFIGURING [0s][m[35D[1B[1m> root project[m[14D[1B[2A[1m<[0;32;1m=============[0;39;1m> 100% CONFIGURING [0s][m[37D[1B> IDLE[0K[6D[1B[2A[1m<[0;32;1;0;39;1m-------------> 0% EXECUTING [0s][m[0K[33D[1B[1m> :compileJava[m[14D[1B[2A[1m<[0;32;1;0;39;1m-------------> 0% EXECUTING [0s][m[33D[1B[1m> :compileJava[m[14D[1B[2A[1m<[0;32;1;0;39;1m-------------> 0% EXECUTING [0s][m[33D[1B[1m> :compileJava[m[14D[1B[2A[1m<[0;32;1m=========[0;39;1m----> 75% EXECUTING [0s][m[34D[1B[1m> :run[m[0K[6D[1B[2A[0K
[1m> Task :run[m
Hello World!

[32;1mBUILD SUCCESSFUL[0;39m in 1s
2 actionable tasks: 2 executed
[0K
[0K
[2A[1m<[0;32;1;0;39;1m-------------> 0% WAITING[m[26D[1B[1m> :run[m[6D[1B[2A[2K[1B[2K[1A[0mballarj3@CF165-16:~/csci241/lab-1-JeremyBallard$ cd /src/main/java/la1[Kb1
bash: cd: /src/main/java/lab1: No such file or directory
ballarj3@CF165-16:~/csci241/lab-1-JeremyBallard$ cd src/main/java/lab1
ballarj3@CF165-16:~/csci241/lab-1-JeremyBallard/src/main/java/lab1$ vi Hello.jav a
[?1049h[?1h=[2;1H▽[6n[2;1H  [1;1H]11;?[1;24r[?12;25h[?12l[?25h[27m[23m[m[H[2J[?25l[24;1H"Hello.java" 7L, 131C[>c[27m[23m[m[H[2J[1;1H[38;5;81mpackage[m lab1;

[38;5;121mpublic[m [38;5;121mclass[m Hello{
    [38;5;121mpublic[m [38;5;121mstatic[m [38;5;121mvoid[m main(String[] args){[5;9HSystem.out.println([95m"Hello World!"[m);
    }
}
[94m~                                                                               [9;1H~                                                                               [10;1H~                                                                               [11;1H~                                                                               [12;1H~                                                                               [13;1H~                                                                               [14;1H~                                                                               [15;1H~                                                                               [16;1H~                                                                               [17;1H~                                                                               [18;1H~                                                                               [19;1H~                                                                               [20;1H~                                                                               [21;1H~                                                                               [22;1H~                                                                               [23;1H~                                                                               [m[24;63H1,1[11CAll"Hello.java" 7L, 131C[41C   [11C   [1;1H]2;Hello.java (~/csci241/lab-1-JeremyBallard/src/main/java/lab1) - VIM]1;Hello.java[?12l[?25hP+q436f\P+q6b75\P+q6b64\P+q6b72\P+q6b6c\P+q2332\P+q2334\P+q2569\P+q2a37\P+q6b31\[?25l[24;1H[1m-- INSERT --[m[24;14H[K[24;63H1,1[11CAll[1;1H[?12l[?25h[?25l[24;65H2[1;2H[?12l[?25h[?25l[24;65H3[1;3H[?12l[?25h[?25l[24;65H4[1;4H[?12l[?25h[?25l[24;65H5[1;5H[?12l[?25h[?25l[24;65H6[1;6H[?12l[?25h[?25l[24;65H7[1;7H[?12l[?25h[?25l[24;65H8[1;8H[?12l[?25h[?25l[24;65H9[1;9H[?12l[?25h[?25l[24;65H10[1;10H[?12l[?25h[?25l[24;66H1[1;11H[?12l[?25h[?25l[24;63H2,1 [2;1H[?12l[?25h[?25l[24;63H3,11[3;11H[?12l[?25h[?25l[24;63H4[4;11H[?12l[?25h[?25l[24;63H5[5;11H[?12l[?25h[?25l[4;43H[46m{[6;5H}[m[24;63H6,6 [6;6H[?12l[?25h[?25l[3;19H[46m{[m[4;43H{[6;5H}
[46m}[m[24;63H7,2[7;2H[?12l[?25h[?25l[3;19H{[4;43H[46m{[6;5H}[m
}[24;63H6,6[6;6H[?12l[?25h[?25l[4;43H{[6;5H}[24;63H5,11[5;11H[?12l[?25h[?25l[24;66H2[5;12H[?12l[?25h[?25l[24;66H3[5;13H[?12l[?25h[?25l[24;66H4[5;14H[?12l[?25h[?25l[24;66H5[5;15H[?12l[?25h[?25l[24;66H6[5;16H[?12l[?25h[?25l[24;66H7[5;17H[?12l[?25h[?25l[24;66H8[5;18H[?12l[?25h[?25l[24;66H9[5;19H[?12l[?25h[?25l[24;65H20[5;20H[?12l[?25h[?25l[24;66H1[5;21H[?12l[?25h[?25l[24;66H2[5;22H[?12l[?25h[?25l[24;66H3[5;23H[?12l[?25h[?25l[24;66H4[5;24H[?12l[?25h[?25l[24;66H5[5;25H[?12l[?25h[?25l[24;66H6[5;26H[?12l[?25h[?25ln[46m([14C)[m[24;66H7[5;27H[?12l[?25h[?25l[24;66H8[5;28H[?12l[?25h[?25l([14C)[24;66H9[5;29H[?12l[?25h[?25l[24;65H30[5;30H[?12l[?25h[?25l[24;66H1[5;31H[?12l[?25h[?25l[24;66H2[5;32H[?12l[?25h[?25l[24;66H3[5;33H[?12l[?25h[?25l[24;66H4[5;34H[?12l[?25h[?25l[24;66H5[5;35H[?12l[?25h[?25l[24;66H6[5;36H[?12l[?25h[?25l[24;66H7[5;37H[?12l[?25h[?25l[24;66H8[5;38H[?12l[?25h[?25l[24;66H9[5;39H[?12l[?25h[?25l[24;65H40[5;40H[?12l[?25h[?25l[24;66H1[5;41H[?12l[?25h[?25l[95m"[m);[5;43H[K[24;66H0]2;Hello.java + (~/csci241/lab-1-J...yBallard/src/main/java/lab1) - VIM]1;Hello.java[5;40H[?12l[?25h[?25l[95m"[m);[5;42H[K[24;65H39[5;39H[?12l[?25h[?25l[95m"[m);[5;41H[K[24;66H8[5;38H[?12l[?25h[?25l[95m"[m);[5;40H[K[24;66H7[5;37H[?12l[?25h[?25l[95m"[m);[5;39H[K[24;66H6[5;36H[?12l[?25h[?25l[95m"[m);[5;38H[K[24;66H5[5;35H[?12l[?25h[?25l[95m"[m);[5;37H[K[24;66H4[5;34H[?12l[?25h[?25l[5;27H[46m([7C)[m[24;66H5[5;35H[?12l[?25h[?25l[46m [m); [46m)[m[24;66H6[5;36H[?12l[?25h[?25l[5;27H([8C)[24;66H5[5;35H[?12l[?25h[?25l  );[24;66H6[5;36H[?12l[?25h[?25l+ );[24;66H7[5;37H[?12l[?25h[?25l  );[24;66H8[5;38H[?12l[?25h[?25la );[24;66H9[5;39H[?12l[?25h[?25lr );[24;65H40[5;40H[?12l[?25h[?25lg );[24;66H1[5;41H[?12l[?25h[?25ls );[24;66H2[5;42H[?12l[?25h[?25l[ );[24;66H3[5;43H[?12l[?25h[?25l[95m0[m );[24;66H4[5;44H[?12l[?25h[?25l] );[46m[[1C][m[24;66H5[5;45H[?12l[?25h[?25l[5;27H[46m([m[14C[[1C] [46m)[m[24;66H6[5;46H[?12l[?25h[?25l[24;66H7[5;47H[?12l[?25h[?25l[5;27H([18C)[24;66H8[5;48H[?12l[?25h[?25l[4;43H[46m{[6;5H}[m[24;63H6,6 [6;6H[?12l[?25h[?25l[3;19H[46m{[m[4;43H{[6;5H}
[46m}[m[24;63H7,2[7;2H[?12l[?25h[24;1H[K[7;1H[?25l[24;63H7,1[11CAll[7;1H[?12l[?25h[?25l[24;63H[K[24;1H:[?12l[?25hw[?25l[?12l[?25hq[?25l[?12l[?25h[?25l"Hello.java" 7L, 135C written]2;Terminal]1;Terminal
[?1l>[?12l[?25h[?1049lballarj3@CF165-16:~/csci241/lab-1-JeremyBallard/src/main/java/lab1$ run[K[K[Kcd ..
ballarj3@CF165-16:~/csci241/lab-1-JeremyBallard/src/main/java$ cd ..
ballarj3@CF165-16:~/csci241/lab-1-JeremyBallard/src/main$  cd[K[K[Kcd ..
ballarj3@CF165-16:~/csci241/lab-1-JeremyBallard/src$ cd ..
ballarj3@CF165-16:~/csci241/lab-1-JeremyBallard$ run gradle [K[K[K[K[K[K[K[K[K[K[Kgradle run --args="999999"
[0m

[1A[1m> Connecting to Daemon[m[22D[1B[2A[1m<[0;32;1;0;39;1m-------------> 0% EXECUTING [0s][m[33D[1B[1m> :compileJava[m[0K[14D[1B[2A[1m<[0;32;1m=========[0;39;1m----> 75% EXECUTING [0s][m[34D[1B[1m> :run[m[0K[6D[1B[2A[0K
[1m> Task :run[m
Hello999999

[32;1mBUILD SUCCESSFUL[0;39m in 0s
2 actionable tasks: 2 executed
[0K
[0K
[2A[1m<[0;32;1;0;39;1m-------------> 0% WAITING[m[26D[1B[1m> :run[m[6D[1B[2A[2K[1B[2K[1A[0mballarj3@CF165-16:~/csci241/lab-1-JeremyBallard$ cd src/main/java/lab1
ballarj3@CF165-16:~/csci241/lab-1-JeremyBallard/src/main/java/lab1$ ci[K[Kvi Hello.jav a
[?1049h[?1h=[2;1H▽[6n[2;1H  [1;1H]11;?[1;24r[?12;25h[?12l[?25h[27m[23m[m[H[2J[?25l[24;1H"Hello.java" 7L, 135C[>c[1;1H[35mpackage[m lab1;

[32mpublic[m [32mclass[m Hello{
    [32mpublic[m [32mstatic[m [32mvoid[m main(String[] args){[5;9HSystem.out.println([31m"Hello"[m + args[[31m0[m] );
    }
}
[94m~                                                                               [9;1H~                                                                               [10;1H~                                                                               [11;1H~                                                                               [12;1H~                                                                               [13;1H~                                                                               [14;1H~                                                                               [15;1H~                                                                               [16;1H~                                                                               [17;1H~                                                                               [18;1H~                                                                               [19;1H~                                                                               [20;1H~                                                                               [21;1H~                                                                               [22;1H~                                                                               [23;1H~                                                                               [m[24;63H1,1[11CAll]2;Hello.java (~/csci241/lab-1-JeremyBallard/src/main/java/lab1) - VIM]1;Hello.java[1;1H[?12l[?25h[27m[23m[m[H[2J[?25l[1;1H[38;5;81mpackage[m lab1;

[38;5;121mpublic[m [38;5;121mclass[m Hello{
    [38;5;121mpublic[m [38;5;121mstatic[m [38;5;121mvoid[m main(String[] args){[5;9HSystem.out.println([95m"Hello"[m + args[[95m0[m] );
    }
}
[94m~                                                                               [9;1H~                                                                               [10;1H~                                                                               [11;1H~                                                                               [12;1H~                                                                               [13;1H~                                                                               [14;1H~                                                                               [15;1H~                                                                               [16;1H~                                                                               [17;1H~                                                                               [18;1H~                                                                               [19;1H~                                                                               [20;1H~                                                                               [21;1H~                                                                               [22;1H~                                                                               [23;1H~                                                                               [m[24;63H1,1[11CAll"Hello.java" 7L, 135C[1;1HP+q436f\P+q6b75\P+q6b64\P+q6b72\P+q6b6c\P+q2332\P+q2334\P+q2569\P+q2a37\P+q6b31\[?12l[?25h[?25l[24;1H[1m-- INSERT --[m[24;14H[K[24;63H1,1[11CAll[1;1H[?12l[?25h[?25l[24;63H2[2;1H[?12l[?25h[?25l[24;63H3[3;1H[?12l[?25h[?25l[24;65H2[3;2H[?12l[?25h[?25l[24;65H3[3;3H[?12l[?25h[?25l[24;65H4[3;4H[?12l[?25h[?25l[24;65H5[3;5H[?12l[?25h[?25l[24;65H6[3;6H[?12l[?25h[?25l[24;65H7[3;7H[?12l[?25h[?25l[24;65H8[3;8H[?12l[?25h[?25l[24;63H4[4;8H[?12l[?25h[?25l[24;65H9[4;9H[?12l[?25h[?25l[24;65H10[4;10H[?12l[?25h[?25l[24;66H1[4;11H[?12l[?25h[?25l[24;66H2[4;12H[?12l[?25h[?25l[24;66H3[4;13H[?12l[?25h[?25l[24;66H4[4;14H[?12l[?25h[?25l[24;66H5[4;15H[?12l[?25h[?25l[24;66H6[4;16H[?12l[?25h[?25l[24;66H7[4;17H[?12l[?25h[?25l[24;66H8[4;18H[?12l[?25h[?25l[24;63H5[5;18H[?12l[?25h[?25l[24;66H9[5;19H[?12l[?25h[?25l[24;65H20[5;20H[?12l[?25h[?25l[24;66H1[5;21H[?12l[?25h[?25l[24;66H2[5;22H[?12l[?25h[?25l[24;66H3[5;23H[?12l[?25h[?25l[24;66H4[5;24H[?12l[?25h[?25l[24;66H5[5;25H[?12l[?25h[?25l[24;66H6[5;26H[?12l[?25h[?25ln[46m([18C)[m[24;66H7[5;27H[?12l[?25h[?25l[24;66H8[5;28H[?12l[?25h[?25l([18C)[24;66H9[5;29H[?12l[?25h[?25l[24;65H30[5;30H[?12l[?25h[?25l[24;66H1[5;31H[?12l[?25h[?25l[24;66H2[5;32H[?12l[?25h[?25l[24;66H3[5;33H[?12l[?25h[?25l[24;66H4[5;34H[?12l[?25h[?25l[95m "[m + args[[95m0[m] );[24;66H5]2;Hello.java + (~/csci241/lab-1-J...yBallard/src/main/java/lab1) - VIM]1;Hello.java[5;35H[?12l[?25h[24;1H[K[5;34H[?25l[24;63H5,34[10CAll[5;34H[?12l[?25h[?25l[24;63H[K[24;1H:[?12l[?25hw[?25l[?12l[?25hq[?25l[?12l[?25h[?25l"Hello.java" 7L, 136C written]2;Terminal]1;Terminal
[?1l>[?12l[?25h[?1049lballarj3@CF165-16:~/csci241/lab-1-JeremyBallard/src/main/java/lab1$ cd .. c[K.. ..  ..
ballarj3@CF165-16:~/csci241/lab-1-JeremyBallard/src/main/java$ cd ..
ballarj3@CF165-16:~/csci241/lab-1-JeremyBallard/src/main$ cd ..
ballarj3@CF165-16:~/csci241/lab-1-JeremyBallard/src$ cd.[K ..
ballarj3@CF165-16:~/csci241/lab-1-JeremyBallard$ cd [K[K[Kgradle run --args="241"
[0m

[2A[1m<[0;32;1m=========[0;39;1m----> 75% EXECUTING [0s][m[34D[1B[1m> :run[m[6D[1B[2A[0K
[1m> Task :run[m
Hello 241

[32;1mBUILD SUCCESSFUL[0;39m in 0s
2 actionable tasks: 2 executed
[0K
[0K
[2A[1m<[0;32;1;0;39;1m-------------> 0% WAITING[m[26D[1B[1m> :run[m[6D[1B[2A[2K[1B[2K[1A[0mballarj3@CF165-16:~/csci241/lab-1-JeremyBallard$ git add src/main/java/lab1/Hell o.java
ballarj3@CF165-16:~/csci241/lab-1-JeremyBallard$ git commit -m "Hello now prints  command line arg"
[master 1f579b5] Hello now prints command line arg
 1 file changed, 1 insertion(+), 1 deletion(-)
ballarj3@CF165-16:~/csci241/lab-1-JeremyBallard$ git push
warning: push.default is unset; its implicit value has changed in
Git 2.0 from 'matching' to 'simple'. To squelch this message
and maintain the traditional behavior, use:

  git config --global push.default matching

To squelch this message and adopt the new behavior now, use:

  git config --global push.default simple

When push.default is set to 'matching', git will push local branches
to the remote branches that already exist with the same name.

Since Git 2.0, Git defaults to the more conservative 'simple'
behavior, which only pushes the current branch to the corresponding
remote branch that 'git pull' uses to update the current branch.

See 'git help config' and search for 'push.default' for further information.
(the 'simple' mode was introduced in Git 1.7.11. Use the similar mode
'current' instead of 'simple' if you sometimes use older versions of Git)

Username for 'https://github.com': Jeremy Ballard        Ballard
Password for 'https://JeremyBallard@github.com': 
Counting objects: 10, done.
Delta compression using up to 8 threads.
Compressing objects:  16% (1/6)   Compressing objects:  33% (2/6)   Compressing objects:  50% (3/6)   Compressing objects:  66% (4/6)   Compressing objects:  83% (5/6)   Compressing objects: 100% (6/6)   Compressing objects: 100% (6/6), done.
Writing objects:  10% (1/10)   Writing objects:  20% (2/10)   Writing objects:  30% (3/10)   Writing objects:  40% (4/10)   Writing objects:  50% (5/10)   Writing objects:  60% (6/10)   Writing objects:  70% (7/10)   Writing objects:  80% (8/10)   Writing objects:  90% (9/10)   Writing objects: 100% (10/10)   Writing objects: 100% (10/10), 832 bytes | 0 bytes/s, done.
Total 10 (delta 3), reused 0 (delta 0)
remote: Resolving deltas:   0% (0/3)   [Kremote: Resolving deltas:  66% (2/3)   [Kremote: Resolving deltas: 100% (3/3)   [Kremote: Resolving deltas: 100% (3/3), completed with 2 local objects.[K
To https://github.com/CSCI241Spring2019/lab-1-JeremyBallard
   401f9ea..1f579b5  master -> master
ballarj3@CF165-16:~/csci241/lab-1-JeremyBallard$ exot[K[Kit
exit

Script done on Thu 11 Apr 2019 11:20:28 AM PDT
